Microchip MPLAB XC8 Compiler V1.32 ()

Linker command line:

--edf=/Applications/microchip/xc8/v1.32/dat/en_msgs.txt -cs \
  -h+dist/default/production/Saw_Nebulizer.X.production.sym \
  --cmf=dist/default/production/Saw_Nebulizer.X.production.cmf -z -Q16F1938 \
  -o/tmp/cgtXp7U1Y -Mdist/default/production/Saw_Nebulizer.X.production.map \
  -E1 -ver=XC8 -ASTACK=0209Dh-0231fh -pstack=STACK -ACONST=00h-0FFhx64 \
  -ACODE=00h-07FFhx8 -ASTRCODE=00h-03FFFh -AENTRY=00h-0FFhx64 \
  -ASTRING=00h-0FFhx64 -ACOMMON=070h-07Fh -ABANK0=020h-06Fh \
  -ABANK1=0A0h-0EFh -ABANK2=0120h-016Fh -ABANK3=01A0h-01EFh \
  -ABANK4=0220h-026Fh -ABANK5=02A0h-02EFh -ABANK6=0320h-036Fh \
  -ABANK7=03A0h-03EFh -ABANK8=0420h-046Fh -ABANK9=04A0h-04EFh \
  -ABANK10=0520h-056Fh -ABANK11=05A0h-05EFh -ABANK12=0620h-064Fh \
  -ABIGRAM=02000h-023EFh \
  -ARAM=020h-06Fh,0A0h-0EFh,0120h-016Fh,01A0h-01EFh,0220h-026Fh,02A0h-02EFh,0320h-036Fh,03A0h-03EFh,0420h-046Fh,04A0h-04EFh,0520h-056Fh,05A0h-05EFh,0620h-064Fh \
  -AABS1=020h-07Fh,0A0h-0EFh,0120h-016Fh,01A0h-01EFh,0220h-026Fh,02A0h-02EFh,0320h-036Fh,03A0h-03EFh,0420h-046Fh,04A0h-04EFh,0520h-056Fh,05A0h-05EFh,0620h-064Fh \
  -ASFR0=00h-01Fh -ASFR1=080h-09Fh -ASFR2=0100h-011Fh -ASFR3=0180h-019Fh \
  -ASFR4=0200h-021Fh -ASFR5=0280h-029Fh -ASFR6=0300h-031Fh \
  -ASFR7=0380h-039Fh -ASFR8=0400h-041Fh -ASFR9=0480h-049Fh \
  -ASFR10=0500h-051Fh -ASFR11=0580h-059Fh -ASFR12=0600h-061Fh \
  -ASFR13=0680h-06EFh -ASFR14=0700h-076Fh -ASFR15=0780h-07EFh \
  -ASFR16=0800h-086Fh -ASFR17=0880h-08EFh -ASFR18=0900h-096Fh \
  -ASFR19=0980h-09EFh -ASFR20=0A00h-0A6Fh -ASFR21=0A80h-0AEFh \
  -ASFR22=0B00h-0B6Fh -ASFR23=0B80h-0BEFh -ASFR24=0C00h-0C6Fh \
  -ASFR25=0C80h-0CEFh -ASFR26=0D00h-0D6Fh -ASFR27=0D80h-0DEFh \
  -ASFR28=0E00h-0E6Fh -ASFR29=0E80h-0EEFh -ASFR30=0F00h-0F6Fh \
  -ASFR31=0F80h-0FEFh -preset_vec=00h,intentry=04h,init,end_init \
  -ppowerup=CODE -pcinit=CODE -pfunctab=CODE -ACONFIG=08007h-08008h \
  -pconfig=CONFIG -DCONFIG=2 -AIDLOC=08000h-08003h -pidloc=IDLOC -DIDLOC=2 \
  -AEEDATA=00h-0FFh/0F000h -peeprom_data=EEDATA -DEEDATA=2 -DCODE=2 \
  -DSTRCODE=2 -DSTRING=2 -DCONST=2 -DENTRY=2 -k /tmp/cgtPmhpki.obj \
  dist/default/production/Saw_Nebulizer.X.production.obj 

Object code version is 3.11

Machine type is 16F1938



                Name                               Link     Load   Length Selector   Space Scale
/tmp/cgtPmhpki.obj
                end_init                            2AF      2AF        2        8       0
                reset_vec                             0        0        2        0       0
                config                             8007     8007        2    1000E       0
dist/default/production/Saw_Nebulizer.X.production.obj
                cinit                               2B1      2B1        D        8       0
                intentry                              4        4      2AB        8       0
                text32                              990      990       2F     1320       0
                text30                              950      950       1E     12A0       0
                text29                              90C      90C        F     1218       0
                text28                              D6F      D6F       83     1ADE       0
                text27                              96E      96E       22     12DC       0
                text26                              8F7      8F7        8     11EE       0
                text25                              A5C      A5C       3A     14B8       0
                text24                              A25      A25       37     144A       0
                text23                              9EF      9EF       36     13DE       0
                text22                              F25      F25       DB     1E4A       0
                text21                              7D7      7D7       28      93A       0
                text20                              91B      91B       1A     1236       0
                text19                              935      935       1B     126A       0
                text18                              A96      A96       3C     152C       0
                text17                              AD2      AD2       3C     15A4       0
                text16                              C93      C93       61     1926       0
                text15                              E84      E84       A1     1D08       0
                text14                              C47      C47       4C     188E       0
                text13                              9BF      9BF       30     137E       0
                text12                              8EB      8EB        6     11D6       0
                text11                              8FF      8FF        D     11FE       0
                text10                              DF2      DF2       92     1BE4       0
                text9                               2BE      2BE       42        8       0
                text8                               B0E      B0E       3E     161C       0
                text7                               C06      C06       41     180C       0
                text6                               B4C      B4C       3E     1698       0
                text5                               B8A      B8A       3E     1714       0
                text4                               BC8      BC8       3E     1790       0
                text3                               CF4      CF4       7B     19E8       0
                text2                               49D      49D      17C      93A       0
                text1                               730      730       A7      93A       0
                maintext                            619      619      117      93A       0
                cstackBANK0                          20       20       23       20       1
                cstackCOMMON                         70       70        C       70       1
                cstackBANK1                          A0       A0       4D       A0       1
                clrtext                             8F1      8F1        6     11E2       0
                bssBANK0                             43       43       15       20       1
                bitbssBANK0                         2C0       58        1       20       1     8
                bitbssCOMMON                        3E0       7C        6       70       1     8
                bitnvCOMMON                         3E8       7D        4       70       1     8
                stringtext                          300      300      19D        6       0

TOTAL           Name                               Link     Load   Length     Space
        CLASS   STACK          

        CLASS   CONST          

        CLASS   CODE           
                end_init                            2AF      2AF        2         0
                cinit                               2B1      2B1        D         0
                intentry                              4        4      2AB         0
                reset_vec                             0        0        2         0
                text32                              990      990       2F         0
                text30                              950      950       1E         0
                text29                              90C      90C        F         0
                text28                              D6F      D6F       83         0
                text27                              96E      96E       22         0
                text26                              8F7      8F7        8         0
                text25                              A5C      A5C       3A         0
                text24                              A25      A25       37         0
                text23                              9EF      9EF       36         0
                text22                              F25      F25       DB         0
                text21                              7D7      7D7       28         0
                text20                              91B      91B       1A         0
                text19                              935      935       1B         0
                text18                              A96      A96       3C         0
                text17                              AD2      AD2       3C         0
                text16                              C93      C93       61         0
                text15                              E84      E84       A1         0
                text14                              C47      C47       4C         0
                text13                              9BF      9BF       30         0
                text12                              8EB      8EB        6         0
                text11                              8FF      8FF        D         0
                text10                              DF2      DF2       92         0
                text9                               2BE      2BE       42         0
                text8                               B0E      B0E       3E         0
                text7                               C06      C06       41         0
                text6                               B4C      B4C       3E         0
                text5                               B8A      B8A       3E         0
                text4                               BC8      BC8       3E         0
                text3                               CF4      CF4       7B         0
                text2                               49D      49D      17C         0
                text1                               730      730       A7         0
                maintext                            619      619      117         0
                clrtext                             8F1      8F1        6         0

        CLASS   STRCODE        
                stringtext                          300      300      19D         0

        CLASS   ENTRY          

        CLASS   STRING         

        CLASS   COMMON         
                cstackCOMMON                         70       70        C         1
                bitbssCOMMON                        3E0       7C        6         1
                bitnvCOMMON                         3E8       7D        4         1

        CLASS   BANK0          
                cstackBANK0                          20       20       23         1
                bssBANK0                             43       43       15         1
                bitbssBANK0                         2C0       58        1         1

        CLASS   BANK1          
                cstackBANK1                          A0       A0       4D         1

        CLASS   BANK2          

        CLASS   BANK3          

        CLASS   BANK4          

        CLASS   BANK5          

        CLASS   BANK6          

        CLASS   BANK7          

        CLASS   BANK8          

        CLASS   BANK9          

        CLASS   BANK10         

        CLASS   BANK11         

        CLASS   BANK12         

        CLASS   BIGRAM         

        CLASS   RAM            

        CLASS   ABS1           
                abs_s1                               7E       7E        2         1

        CLASS   SFR0           

        CLASS   SFR1           

        CLASS   SFR2           

        CLASS   SFR3           

        CLASS   SFR4           

        CLASS   SFR5           

        CLASS   SFR6           

        CLASS   SFR7           

        CLASS   SFR8           

        CLASS   SFR9           

        CLASS   SFR10          

        CLASS   SFR11          

        CLASS   SFR12          

        CLASS   SFR13          

        CLASS   SFR14          

        CLASS   SFR15          

        CLASS   SFR16          

        CLASS   SFR17          

        CLASS   SFR18          

        CLASS   SFR19          

        CLASS   SFR20          

        CLASS   SFR21          

        CLASS   SFR22          

        CLASS   SFR23          

        CLASS   SFR24          

        CLASS   SFR25          

        CLASS   SFR26          

        CLASS   SFR27          

        CLASS   SFR28          

        CLASS   SFR29          

        CLASS   SFR30          

        CLASS   SFR31          

        CLASS   CONFIG         
                config                             8007     8007        2         0

        CLASS   IDLOC          

        CLASS   EEDATA         

        CLASS   BANK31         

        CLASS   BANK30         

        CLASS   BANK29         

        CLASS   BANK28         

        CLASS   BANK27         

        CLASS   BANK26         

        CLASS   BANK25         

        CLASS   BANK24         

        CLASS   BANK23         

        CLASS   BANK22         

        CLASS   BANK21         

        CLASS   BANK20         

        CLASS   BANK19         

        CLASS   BANK18         

        CLASS   BANK17         

        CLASS   BANK16         

        CLASS   BANK15         

        CLASS   BANK14         

        CLASS   BANK13         



SEGMENTS        Name                           Load    Length   Top    Selector   Space  Class     Delta

                reset_vec                      000000  000002  000002         0       0  CODE        2
                intentry                       000004  0002FC  000300         8       0  CODE        2
                cstackBANK0                    000020  000039  000059        20       1  BANK0       1
                cstackCOMMON                   000070  00000E  00007E        70       1  COMMON      1
                cstackBANK1                    0000A0  00004D  0000ED        A0       1  BANK1       1
                stringtext                     000300  00019D  00049D         6       0  STRCODE     2
                text2                          00049D  000362  0007FF       93A       0  CODE        2
                text12                         0008EB  000006  0008F1      11D6       0  CODE        2
                clrtext                        0008F1  000006  0008F7      11E2       0  CODE        2
                text26                         0008F7  000008  0008FF      11EE       0  CODE        2
                text11                         0008FF  00000D  00090C      11FE       0  CODE        2
                text29                         00090C  00000F  00091B      1218       0  CODE        2
                text20                         00091B  00001A  000935      1236       0  CODE        2
                text19                         000935  00001B  000950      126A       0  CODE        2
                text30                         000950  00001E  00096E      12A0       0  CODE        2
                text27                         00096E  000022  000990      12DC       0  CODE        2
                text32                         000990  00002F  0009BF      1320       0  CODE        2
                text13                         0009BF  000030  0009EF      137E       0  CODE        2
                text23                         0009EF  000036  000A25      13DE       0  CODE        2
                text24                         000A25  000037  000A5C      144A       0  CODE        2
                text25                         000A5C  00003A  000A96      14B8       0  CODE        2
                text18                         000A96  00003C  000AD2      152C       0  CODE        2
                text17                         000AD2  00003C  000B0E      15A4       0  CODE        2
                text8                          000B0E  00003E  000B4C      161C       0  CODE        2
                text6                          000B4C  00003E  000B8A      1698       0  CODE        2
                text5                          000B8A  00003E  000BC8      1714       0  CODE        2
                text4                          000BC8  00003E  000C06      1790       0  CODE        2
                text7                          000C06  000041  000C47      180C       0  CODE        2
                text14                         000C47  00004C  000C93      188E       0  CODE        2
                text16                         000C93  000061  000CF4      1926       0  CODE        2
                text3                          000CF4  00007B  000D6F      19E8       0  CODE        2
                text28                         000D6F  000083  000DF2      1ADE       0  CODE        2
                text10                         000DF2  000092  000E84      1BE4       0  CODE        2
                text15                         000E84  0000A1  000F25      1D08       0  CODE        2
                text22                         000F25  0000DB  001000      1E4A       0  CODE        2
                config                         008007  000002  008009     1000E       0  CONFIG      2


UNUSED ADDRESS RANGES

        Name                Unused          Largest block    Delta
        BANK0            00059-0006F              17           1
        BANK1            000ED-000EF               3           1
        BANK10           00520-0056F              50           1
        BANK11           005A0-005EF              50           1
        BANK12           00620-0064F              30           1
        BANK2            00120-0016F              50           1
        BANK3            001A0-001EF              50           1
        BANK4            00220-0026F              50           1
        BANK5            002A0-002EF              50           1
        BANK6            00320-0036F              50           1
        BANK7            003A0-003EF              50           1
        BANK8            00420-0046F              50           1
        BANK9            004A0-004EF              50           1
        BIGRAM           02000-023EF             3F0           1
        CODE             00002-00003               2           2
                         007FF-008EA               1
                         01000-03FFF             800
        CONST            00002-00003               2           2
                         007FF-008EA               1
                         01000-03FFF             100
        EEDATA           0F000-0F0FF             100           2
        ENTRY            00002-00003               2           2
                         007FF-008EA               1
                         01000-03FFF             100
        IDLOC            08000-08003               4           2
        RAM              00059-0006F              17           1
                         000ED-000EF               3
                         00120-0016F              50
                         001A0-001EF              50
                         00220-0026F              50
                         002A0-002EF              50
                         00320-0036F              50
                         003A0-003EF              50
                         00420-0046F              50
                         004A0-004EF              50
                         00520-0056F              50
                         005A0-005EF              50
                         00620-0064F              30
        SFR0             00000-0001F              20           1
        SFR1             00080-0009F              20           1
        SFR10            00500-0051F              20           1
        SFR11            00580-0059F              20           1
        SFR12            00600-0061F              20           1
        SFR13            00680-006EF              70           1
        SFR14            00700-0076F              70           1
        SFR15            00780-007EF              70           1
        SFR16            00800-0086F              70           1
        SFR17            00880-008EF              70           1
        SFR18            00900-0096F              70           1
        SFR19            00980-009EF              70           1
        SFR2             00100-0011F              20           1
        SFR20            00A00-00A6F              70           1
        SFR21            00A80-00AEF              70           1
        SFR22            00B00-00B6F              70           1
        SFR23            00B80-00BEF              70           1
        SFR24            00C00-00C6F              70           1
        SFR25            00C80-00CEF              70           1
        SFR26            00D00-00D6F              70           1
        SFR27            00D80-00DEF              70           1
        SFR28            00E00-00E6F              70           1
        SFR29            00E80-00EEF              70           1
        SFR3             00180-0019F              20           1
        SFR30            00F00-00F6F              70           1
        SFR31            00F80-00FEF              70           1
        SFR4             00200-0021F              20           1
        SFR5             00280-0029F              20           1
        SFR6             00300-0031F              20           1
        SFR7             00380-0039F              20           1
        SFR8             00400-0041F              20           1
        SFR9             00480-0049F              20           1
        STACK            0209D-0231F             283           1
        STRCODE          00002-00003               2           2
                         007FF-008EA              EC
                         01000-03FFF            3000
        STRING           00002-00003               2           2
                         007FF-008EA               1
                         01000-03FFF             100

                                  Symbol Table

?___lmul                  cstackBANK0  00037
?___lwdiv                 cstackBANK0  00037
?___lwmod                 cstackBANK0  0003F
?___wmul                  cstackBANK0  00037
?_atoi                    cstackBANK0  0003D
?_echo_command            cstackBANK1  000B3
?_enable1_command         cstackBANK1  000B3
?_enable2_command         cstackBANK1  000B3
?_errors_command          cstackBANK1  000B3
?_parse_setup_cmd         cstackBANK1  000A8
?_power_command           cstackBANK1  000B3
?_pulse_command           cstackBANK1  000B3
?_remote_command          cstackBANK1  000B3
?_sergetline              cstackBANK1  000A4
?_sprintf                 cstackBANK1  000A2
?_status_command          cstackBANK1  000B3
?_strchr                  cstackBANK0  00037
?_strcmp                  cstackBANK0  00037
?_strcspn                 cstackBANK0  0003D
?_strlen                  cstackBANK0  00037
?_strspn                  cstackBANK0  0003D
?_ttlout_command          cstackBANK1  000B3
?i1___lmul                cstackCOMMON 00070
_ADCON0                   (abs)        0009D
_ADCON1                   (abs)        0009E
_ADRESH                   (abs)        0009C
_ADRESL                   (abs)        0009B
_AD_a                     stringtext   00324
_AD_b                     stringtext   0035E
_AD_x                     stringtext   00344
_ANSELA                   (abs)        0018C
_ANSELB                   (abs)        0018D
_BRG16                    (abs)        00CFB
_BRGH                     (abs)        00CF2
_CCP2CON                  (abs)        0029A
_CCPR2L                   (abs)        00298
_CCPTMRS0                 (abs)        0029E
_CREN                     (abs)        00CEC
_GIE                      (abs)        0005F
_OPTION_REG               (abs)        00095
_OSCCON                   (abs)        00099
_PR2                      (abs)        0001B
_RA3                      (abs)        00063
_RA4                      (abs)        00064
_RA5                      (abs)        00065
_RA6                      (abs)        00066
_RA7                      (abs)        00067
_RB0                      (abs)        00068
_RB1                      (abs)        00069
_RB2                      (abs)        0006A
_RB3                      (abs)        0006B
_RB4                      (abs)        0006C
_RB5                      (abs)        0006D
_RC0                      (abs)        00070
_RC1                      (abs)        00071
_RC2                      (abs)        00072
_RC3                      (abs)        00073
_RC4                      (abs)        00074
_RC5                      (abs)        00075
_RCIF                     (abs)        0008D
_RCREG                    (abs)        00199
_SPBRGH                   (abs)        0019C
_SPBRGL                   (abs)        0019B
_SPEN                     (abs)        00CEF
_SYNC                     (abs)        00CF4
_T2CON                    (abs)        0001C
_TMR0IE                   (abs)        0005D
_TMR0IF                   (abs)        0005A
_TRISA                    (abs)        0008C
_TRISB                    (abs)        0008D
_TRISC                    (abs)        0008E
_TXEN                     (abs)        00CF5
_TXIF                     (abs)        0008C
_TXREG                    (abs)        0019A
__CFG_FCMEN$OFF           (abs)        00000
__CFG_FOSC$INTOSC         (abs)        00000
__CFG_IESO$OFF            (abs)        00000
__CFG_MCLRE$OFF           (abs)        00000
__CFG_PLLEN$OFF           (abs)        00000
__CFG_PWRTE$ON            (abs)        00000
__CFG_STVREN$OFF          (abs)        00000
__CFG_WDTE$OFF            (abs)        00000
__Habs1                   abs1         00000
__Hbank0                  bank0        00000
__Hbank1                  bank1        00000
__Hbank10                 bank10       00000
__Hbank11                 bank11       00000
__Hbank12                 bank12       00000
__Hbank13                 bank13       00000
__Hbank14                 bank14       00000
__Hbank15                 bank15       00000
__Hbank16                 bank16       00000
__Hbank17                 bank17       00000
__Hbank18                 bank18       00000
__Hbank19                 bank19       00000
__Hbank2                  bank2        00000
__Hbank20                 bank20       00000
__Hbank21                 bank21       00000
__Hbank22                 bank22       00000
__Hbank23                 bank23       00000
__Hbank24                 bank24       00000
__Hbank25                 bank25       00000
__Hbank26                 bank26       00000
__Hbank27                 bank27       00000
__Hbank28                 bank28       00000
__Hbank29                 bank29       00000
__Hbank3                  bank3        00000
__Hbank30                 bank30       00000
__Hbank31                 bank31       00000
__Hbank4                  bank4        00000
__Hbank5                  bank5        00000
__Hbank6                  bank6        00000
__Hbank7                  bank7        00000
__Hbank8                  bank8        00000
__Hbank9                  bank9        00000
__Hbigram                 bigram       00000
__HbitbssBANK0            bitbssBANK0  00000
__HbitbssCOMMON           bitbssCOMMON 00000
__HbitnvCOMMON            bitnvCOMMON  00000
__HbssBANK0               bssBANK0     00000
__Hcinit                  cinit        002BE
__Hclrtext                clrtext      00000
__Hcode                   code         00000
__Hcommon                 common       00000
__Hconfig                 config       08009
__HcstackBANK0            cstackBANK0  00000
__HcstackBANK1            cstackBANK1  00000
__HcstackCOMMON           cstackCOMMON 00000
__Heeprom_data            eeprom_data  00000
__Hend_init               end_init     002B1
__Hfunctab                functab      00000
__Hidloc                  idloc        00000
__Hinit                   init         002AF
__Hintentry               intentry     002AF
__Hmaintext               maintext     00000
__Hpowerup                powerup      00000
__Hram                    ram          00000
__Hreset_vec              reset_vec    00002
__Hsfr0                   sfr0         00000
__Hsfr1                   sfr1         00000
__Hsfr10                  sfr10        00000
__Hsfr11                  sfr11        00000
__Hsfr12                  sfr12        00000
__Hsfr13                  sfr13        00000
__Hsfr14                  sfr14        00000
__Hsfr15                  sfr15        00000
__Hsfr16                  sfr16        00000
__Hsfr17                  sfr17        00000
__Hsfr18                  sfr18        00000
__Hsfr19                  sfr19        00000
__Hsfr2                   sfr2         00000
__Hsfr20                  sfr20        00000
__Hsfr21                  sfr21        00000
__Hsfr22                  sfr22        00000
__Hsfr23                  sfr23        00000
__Hsfr24                  sfr24        00000
__Hsfr25                  sfr25        00000
__Hsfr26                  sfr26        00000
__Hsfr27                  sfr27        00000
__Hsfr28                  sfr28        00000
__Hsfr29                  sfr29        00000
__Hsfr3                   sfr3         00000
__Hsfr30                  sfr30        00000
__Hsfr31                  sfr31        00000
__Hsfr4                   sfr4         00000
__Hsfr5                   sfr5         00000
__Hsfr6                   sfr6         00000
__Hsfr7                   sfr7         00000
__Hsfr8                   sfr8         00000
__Hsfr9                   sfr9         00000
__Hspace_0                (abs)        08009
__Hspace_1                (abs)        003EC
__Hspace_2                (abs)        00000
__Hspace_3                (abs)        00000
__Hstack                  stack        00000
__Hstrings                strings      00000
__Hstringtext             stringtext   00000
__Htext                   text         00000
__Labs1                   abs1         00000
__Lbank0                  bank0        00000
__Lbank1                  bank1        00000
__Lbank10                 bank10       00000
__Lbank11                 bank11       00000
__Lbank12                 bank12       00000
__Lbank13                 bank13       00000
__Lbank14                 bank14       00000
__Lbank15                 bank15       00000
__Lbank16                 bank16       00000
__Lbank17                 bank17       00000
__Lbank18                 bank18       00000
__Lbank19                 bank19       00000
__Lbank2                  bank2        00000
__Lbank20                 bank20       00000
__Lbank21                 bank21       00000
__Lbank22                 bank22       00000
__Lbank23                 bank23       00000
__Lbank24                 bank24       00000
__Lbank25                 bank25       00000
__Lbank26                 bank26       00000
__Lbank27                 bank27       00000
__Lbank28                 bank28       00000
__Lbank29                 bank29       00000
__Lbank3                  bank3        00000
__Lbank30                 bank30       00000
__Lbank31                 bank31       00000
__Lbank4                  bank4        00000
__Lbank5                  bank5        00000
__Lbank6                  bank6        00000
__Lbank7                  bank7        00000
__Lbank8                  bank8        00000
__Lbank9                  bank9        00000
__Lbigram                 bigram       00000
__LbitbssBANK0            bitbssBANK0  00000
__LbitbssCOMMON           bitbssCOMMON 00000
__LbitnvCOMMON            bitnvCOMMON  00000
__LbssBANK0               bssBANK0     00000
__Lcinit                  cinit        002B1
__Lclrtext                clrtext      00000
__Lcode                   code         00000
__Lcommon                 common       00000
__Lconfig                 config       08007
__LcstackBANK0            cstackBANK0  00000
__LcstackBANK1            cstackBANK1  00000
__LcstackCOMMON           cstackCOMMON 00000
__Leeprom_data            eeprom_data  00000
__Lend_init               end_init     002AF
__Lfunctab                functab      00000
__Lidloc                  idloc        00000
__Linit                   init         002AF
__Lintentry               intentry     00004
__Lmaintext               maintext     00000
__Lpowerup                powerup      00000
__Lram                    ram          00000
__Lreset_vec              reset_vec    00000
__Lsfr0                   sfr0         00000
__Lsfr1                   sfr1         00000
__Lsfr10                  sfr10        00000
__Lsfr11                  sfr11        00000
__Lsfr12                  sfr12        00000
__Lsfr13                  sfr13        00000
__Lsfr14                  sfr14        00000
__Lsfr15                  sfr15        00000
__Lsfr16                  sfr16        00000
__Lsfr17                  sfr17        00000
__Lsfr18                  sfr18        00000
__Lsfr19                  sfr19        00000
__Lsfr2                   sfr2         00000
__Lsfr20                  sfr20        00000
__Lsfr21                  sfr21        00000
__Lsfr22                  sfr22        00000
__Lsfr23                  sfr23        00000
__Lsfr24                  sfr24        00000
__Lsfr25                  sfr25        00000
__Lsfr26                  sfr26        00000
__Lsfr27                  sfr27        00000
__Lsfr28                  sfr28        00000
__Lsfr29                  sfr29        00000
__Lsfr3                   sfr3         00000
__Lsfr30                  sfr30        00000
__Lsfr31                  sfr31        00000
__Lsfr4                   sfr4         00000
__Lsfr5                   sfr5         00000
__Lsfr6                   sfr6         00000
__Lsfr7                   sfr7         00000
__Lsfr8                   sfr8         00000
__Lsfr9                   sfr9         00000
__Lspace_0                (abs)        00000
__Lspace_1                (abs)        00000
__Lspace_2                (abs)        00000
__Lspace_3                (abs)        00000
__Lstack                  stack        00000
__Lstrings                strings      00000
__Lstringtext             stringtext   00000
__Ltext                   text         00000
__S0                      (abs)        08009
__S1                      (abs)        000ED
__S2                      (abs)        00000
__S3                      (abs)        00000
___int_sp                 stack        00000
___latbits                (abs)        00003
___lmul                   text13       009BF
___lmul@multiplicand      cstackBANK0  0003B
___lmul@multiplier        cstackBANK0  00037
___lmul@product           cstackBANK0  0003F
___lwdiv                  text24       00A25
___lwdiv@counter          cstackBANK0  0003C
___lwdiv@dividend         cstackBANK0  00039
___lwdiv@divisor          cstackBANK0  00037
___lwdiv@quotient         cstackBANK0  0003D
___lwmod                  text23       009EF
___lwmod@counter          cstackBANK1  000A1
___lwmod@dividend         cstackBANK0  00041
___lwmod@divisor          cstackBANK0  0003F
___sp                     stack        00000
___wmul                   text30       00950
___wmul@multiplicand      cstackBANK0  00039
___wmul@multiplier        cstackBANK0  00037
___wmul@product           cstackBANK0  0003B
__end_of_AD_a             stringtext   00344
__end_of_AD_b             stringtext   00366
__end_of_AD_x             stringtext   00354
__end_of___lmul           text13       009EF
__end_of___lwdiv          text24       00A5C
__end_of___lwmod          text23       00A25
__end_of___wmul           text30       0096E
__end_of__initialization  cinit        002BA
__end_of__stringdata      stringtext   0049D
__end_of_atoi             text28       00DF2
__end_of_commands         stringtext   00324
__end_of_dpowers          stringtext   0035E
__end_of_echo_command     text8        00B4C
__end_of_enable1_command  text6        00B8A
__end_of_enable2_command  text5        00BC8
__end_of_errors_command   text1        007D7
__end_of_isdigit          text29       0091B
__end_of_main             maintext     00730
__end_of_parse_setup_cmd  text15       00F25
__end_of_pic_setup        text14       00C93
__end_of_power_command    text3        00D6F
__end_of_pulse_command    text4        00C06
__end_of_remote_command   text7        00C47
__end_of_sergetchar       text12       008F1
__end_of_sergetline       text10       00E84
__end_of_serputchar       text26       008FF
__end_of_serputstr        text25       00A96
__end_of_sprintf          text22       01000
__end_of_status_command   text2        00619
__end_of_strchr           text19       00950
__end_of_strcmp           text21       007FF
__end_of_strcpy           text20       00935
__end_of_strcspn          text18       00AD2
__end_of_strlen           text27       00990
__end_of_strspn           text17       00B0E
__end_of_strtok           text16       00CF4
__end_of_tc_int           intentry     002AF
__end_of_tolower          text11       0090C
__end_of_ttlout_command   text9        00300
__end_ofi1___lmul         text32       009BF
__initialization          cinit        002B1
__pbitbssBANK0            bitbssBANK0  002C0
__pbitbssCOMMON           bitbssCOMMON 003E0
__pbitnvCOMMON            bitnvCOMMON  003E8
__pbssBANK0               bssBANK0     00043
__pcstackBANK0            cstackBANK0  00020
__pcstackBANK1            cstackBANK1  000A0
__pcstackCOMMON           cstackCOMMON 00070
__pintentry               intentry     00004
__pmaintext               maintext     00619
__pstringtext             stringtext   00300
__ptext1                  text1        00730
__ptext10                 text10       00DF2
__ptext11                 text11       008FF
__ptext12                 text12       008EB
__ptext13                 text13       009BF
__ptext14                 text14       00C47
__ptext15                 text15       00E84
__ptext16                 text16       00C93
__ptext17                 text17       00AD2
__ptext18                 text18       00A96
__ptext19                 text19       00935
__ptext2                  text2        0049D
__ptext20                 text20       0091B
__ptext21                 text21       007D7
__ptext22                 text22       00F25
__ptext23                 text23       009EF
__ptext24                 text24       00A25
__ptext25                 text25       00A5C
__ptext26                 text26       008F7
__ptext27                 text27       0096E
__ptext28                 text28       00D6F
__ptext29                 text29       0090C
__ptext3                  text3        00CF4
__ptext30                 text30       00950
__ptext32                 text32       00990
__ptext4                  text4        00BC8
__ptext5                  text5        00B8A
__ptext6                  text6        00B4C
__ptext7                  text7        00C06
__ptext8                  text8        00B0E
__ptext9                  text9        002BE
__size_of___lmul          (abs)        00000
__size_of___lwdiv         (abs)        00000
__size_of___lwmod         (abs)        00000
__size_of___wmul          (abs)        00000
__size_of_atoi            (abs)        00000
__size_of_echo_command    (abs)        00000
__size_of_enable1_command (abs)        00000
__size_of_enable2_command (abs)        00000
__size_of_errors_command  (abs)        00000
__size_of_isdigit         (abs)        00000
__size_of_main            (abs)        00000
__size_of_parse_setup_cmd (abs)        00000
__size_of_pic_setup       (abs)        00000
__size_of_power_command   (abs)        00000
__size_of_pulse_command   (abs)        00000
__size_of_remote_command  (abs)        00000
__size_of_sergetchar      (abs)        00000
__size_of_sergetline      (abs)        00000
__size_of_serputchar      (abs)        00000
__size_of_serputstr       (abs)        00000
__size_of_sprintf         (abs)        00000
__size_of_status_command  (abs)        00000
__size_of_strchr          (abs)        00000
__size_of_strcmp          (abs)        00000
__size_of_strcpy          (abs)        00000
__size_of_strcspn         (abs)        00000
__size_of_strlen          (abs)        00000
__size_of_strspn          (abs)        00000
__size_of_strtok          (abs)        00000
__size_of_tc_int          (abs)        00000
__size_of_tolower         (abs)        00000
__size_of_ttlout_command  (abs)        00000
__size_ofi1___lmul        (abs)        00000
__stringdata              stringtext   00366
_atoi                     text28       00D6F
_channel1_enabled         bitbssCOMMON 003E0
_channel2_enabled         bitbssCOMMON 003E1
_commands                 stringtext   00300
_dpowers                  stringtext   00354
_echo_command             text8        00B0E
_echo_enabled             bitbssCOMMON 003E2
_enable1_command          text6        00B4C
_enable2_command          text5        00B8A
_enc_A_1                  bitnvCOMMON  003E8
_enc_A_2                  bitnvCOMMON  003E9
_enc_B_1                  bitnvCOMMON  003EA
_enc_B_2                  bitnvCOMMON  003EB
_enc_position             bssBANK0     0004B
_errors_command           text1        00730
_isdigit                  text29       0090C
_isdigit$598              cstackBANK0  00037
_main                     maintext     00619
_nDONE                    (abs)        004E9
_parse_setup_cmd          text15       00E84
_pic_setup                text14       00C47
_power_command            text3        00CF4
_power_light_counter      bssBANK0     0004D
_pulse_command            text4        00BC8
_pulse_enabled            bitbssCOMMON 003E3
_remote_command           text7        00C06
_remote_enabled           bitbssBANK0  002C0
_remote_power_level       bssBANK0     00055
_sergetchar               text12       008EB
_sergetline               text10       00DF2
_serputchar               text26       008F7
_serputstr                text25       00A5C
_sprintf                  text22       00F25
_status_command           text2        0049D
_strchr                   text19       00935
_strcmp                   text21       007D7
_strcpy                   text20       0091B
_strcspn                  text18       00A96
_strlen                   text27       0096E
_strspn                   text17       00AD2
_strtok                   text16       00C93
_tc_int                   intentry     00004
_tc_int$70                cstackBANK0  00028
_tc_int$71                cstackBANK0  00029
_tc_int$72                cstackBANK0  0002A
_tc_int$73                cstackBANK0  0002B
_tc_int$74                cstackBANK0  0002C
_tc_int$75                cstackBANK0  0002D
_tolower                  text11       008FF
_ttlout_command           text9        002BE
atoi@a                    cstackBANK1  000A1
atoi@s                    cstackBANK1  000A3
atoi@sign                 cstackBANK1  000A0
btemp                     (abs)        0007E
clear_ram0                clrtext      008F1
echo_command@param1       cstackBANK1  000B3
echo_command@val          cstackBANK1  000B6
enable1_command@param1    cstackBANK1  000B3
enable1_command@val       cstackBANK1  000B6
enable2_command@param1    cstackBANK1  000B3
enable2_command@val       cstackBANK1  000B6
end_of_initialization     cinit        002BA
errors_command@buf        cstackBANK1  000B7
errors_command@param1     cstackBANK1  000B3
i1___lmul                 text32       00990
i1___lmul@multiplicand    cstackCOMMON 00074
i1___lmul@multiplier      cstackCOMMON 00070
i1___lmul@product         cstackCOMMON 00078
intlevel0                 functab      00000
intlevel1                 functab      00000
intlevel2                 functab      00000
intlevel3                 functab      00000
intlevel4                 functab      00000
intlevel5                 functab      00000
isdigit@c                 cstackBANK0  00038
ltemp                     (abs)        0007E
ltemp0                    (abs)        0007E
ltemp1                    (abs)        00082
ltemp2                    (abs)        00086
ltemp3                    (abs)        00080
main@cmd_descr            cstackBANK1  000E1
main@cmdbuf               cstackBANK1  000D1
main@i                    cstackBANK1  000DB
main@j                    cstackBANK1  000CD
main@status               cstackBANK1  000DF
parse_setup_cmd@buf       cstackBANK1  000BC
parse_setup_cmd@cbuf      cstackBANK1  000B0
parse_setup_cmd@cmd_descr cstackBANK1  000A8
parse_setup_cmd@i         cstackBANK1  000BD
parse_setup_cmd@num_cmds  cstackBANK1  000BA
parse_setup_cmd@tokptr    cstackBANK1  000BF
pic14e$flags              (abs)        0007E
power_command@param1      cstackBANK1  000B3
power_command@temp        cstackBANK1  000BB
power_command@val         cstackBANK1  000BF
pulse_command@param1      cstackBANK1  000B3
pulse_command@val         cstackBANK1  000B6
remote_command@param1     cstackBANK1  000B3
remote_command@val        cstackBANK1  000B6
reset_vec                 reset_vec    00000
sergetline@bsize          cstackBANK1  000A4
sergetline@buf            cstackBANK1  000A6
sergetline@c              cstackBANK1  000A9
sergetline@i              cstackBANK1  000A7
serputchar@c              cstackBANK0  00037
serputstr@i               cstackBANK1  000A2
serputstr@len             cstackBANK1  000A0
serputstr@line            cstackBANK0  0003D
sprintf@_val              cstackBANK1  000AD
sprintf@ap                cstackBANK1  000AA
sprintf@c                 cstackBANK1  000B1
sprintf@f                 cstackBANK1  000A2
sprintf@flag              cstackBANK1  000AB
sprintf@prec              cstackBANK1  000AC
sprintf@sp                cstackBANK1  000B2
stackhi                   (abs)        0231F
stacklo                   (abs)        0209D
start                     init         002AF
start_initialization      cinit        002B1
status_command@buf        cstackBANK1  000BA
status_command@temp       cstackBANK1  000C4
strchr@chr                cstackBANK0  00039
strchr@ptr                cstackBANK0  00037
strcmp@r                  cstackBANK0  0003A
strcmp@s1                 cstackBANK0  0003B
strcmp@s2                 cstackBANK0  00037
strcpy@cp                 cstackBANK0  00039
strcpy@from               cstackBANK0  00037
strcpy@to                 cstackBANK0  0003A
strcspn@i                 cstackBANK1  000A0
strcspn@s1                cstackBANK1  000A2
strcspn@s2                cstackBANK0  0003D
strlen@cp                 cstackBANK0  0003B
strlen@s                  cstackBANK0  00037
strspn@i                  cstackBANK1  000A0
strspn@s1                 cstackBANK1  000A2
strspn@s2                 cstackBANK0  0003D
strtok@s1                 cstackBANK0  00041
strtok@s2                 cstackBANK1  000A3
strtok@sp                 bssBANK0     00056
tc_int@AD_val             cstackBANK0  00030
tc_int@fault_timer_1      bssBANK0     0004F
tc_int@fault_timer_2      bssBANK0     00051
tc_int@fet_temp_1         bssBANK0     00043
tc_int@fet_temp_2         bssBANK0     00047
tc_int@fet_temp_timer     bssBANK0     00057
tc_int@i                  cstackBANK0  00034
tc_int@overtemp_1         bitbssCOMMON 003E4
tc_int@overtemp_2         bitbssCOMMON 003E5
tc_int@period             cstackBANK0  00035
tc_int@pulse_timer        bssBANK0     00053
tc_int@pwm                cstackBANK0  0002E
tc_int@slewed_period      cstackBANK0  00032
tolower@c                 cstackBANK0  00037
ttemp                     (abs)        0007E
ttemp0                    (abs)        0007E
ttemp1                    (abs)        00081
ttemp2                    (abs)        00084
ttemp3                    (abs)        00087
ttemp4                    (abs)        0007F
ttlout_command@param1     cstackBANK1  000B3
ttlout_command@val        cstackBANK1  000B6
wtemp                     (abs)        0007E
wtemp0                    (abs)        0007E
wtemp1                    (abs)        00080
wtemp2                    (abs)        00082
wtemp3                    (abs)        00084
wtemp4                    (abs)        00086
wtemp5                    (abs)        00088
wtemp6                    (abs)        0007F


FUNCTION INFORMATION:

 *************** function _main *****************
 Defined at:
		line 35 in file "Main.c"
 Parameters:    Size  Location     Type
  argc            2   40[BANK1 ] int 
  argv            2   42[BANK1 ] PTR PTR unsigned char 
 Auto vars:     Size  Location     Type
  temp           20    0        unsigned char [20]
  cmd_descr      12   65[BANK1 ] struct command
  cmdbuf         10   49[BANK1 ] unsigned char [10]
  i               4   59[BANK1 ] long 
  j               4   45[BANK1 ] long 
  status          2   63[BANK1 ] int 
 Return value:  Size  Location     Type
                  2   40[BANK1 ] int 
 Registers used:
		wreg, fsr0l, fsr0h, fsr1l, fsr1h, status,2, status,0, pclath, cstack
 Tracked objects:
		On entry : 
		On exit  : 
		Unchanged: 
 Data sizes:     COMMON   BANK0   BANK1   BANK2   BANK3   BANK4   BANK5   BANK6   BANK7   BANK8   BANK9  BANK10  BANK11  BANK12
      Params:         0       0       4       0       0       0       0       0       0       0       0       0       0       0
      Locals:         0       0      32       0       0       0       0       0       0       0       0       0       0       0
      Temps:          0       0       1       0       0       0       0       0       0       0       0       0       0       0
      Totals:         0       0      37       0       0       0       0       0       0       0       0       0       0       0
Total ram usage:       37 bytes
 Hardware stack levels required when called:    6
 This function calls:
		___lmul
		_echo_command
		_enable1_command
		_enable2_command
		_errors_command
		_parse_setup_cmd
		_pic_setup
		_power_command
		_pulse_command
		_remote_command
		_sergetline
		_serputstr
		_status_command
		_strlen
		_ttlout_command
 This function is called by:
		Startup code after reset
 This function uses a non-reentrant model


 *************** function _errors_command *****************
 Defined at:
		line 292 in file "Main.c"
 Parameters:    Size  Location     Type
  param1          1   19[BANK1 ] PTR unsigned char 
		 -> main@cmd_descr(12), 
 Auto vars:     Size  Location     Type
  buf            10   23[BANK1 ] unsigned char [10]
 Return value:  Size  Location     Type
                  2   19[BANK1 ] int 
 Registers used:
		wreg, fsr0l, fsr0h, fsr1l, fsr1h, status,2, status,0, pclath, cstack
 Tracked objects:
		On entry : 
		On exit  : 
		Unchanged: 
 Data sizes:     COMMON   BANK0   BANK1   BANK2   BANK3   BANK4   BANK5   BANK6   BANK7   BANK8   BANK9  BANK10  BANK11  BANK12
      Params:         0       0       2       0       0       0       0       0       0       0       0       0       0       0
      Locals:         0       0      10       0       0       0       0       0       0       0       0       0       0       0
      Temps:          0       0       2       0       0       0       0       0       0       0       0       0       0       0
      Totals:         0       0      14       0       0       0       0       0       0       0       0       0       0       0
Total ram usage:       14 bytes
 Hardware stack levels used:    1
 Hardware stack levels required when called:    4
 This function calls:
		_serputstr
		_sprintf
 This function is called by:
		_main
 This function uses a non-reentrant model


 *************** function _status_command *****************
 Defined at:
		line 250 in file "Main.c"
 Parameters:    Size  Location     Type
  param1          1   19[BANK1 ] PTR unsigned char 
		 -> main@cmd_descr(12), 
 Auto vars:     Size  Location     Type
  buf            10   26[BANK1 ] unsigned char [10]
  temp            4   36[BANK1 ] long 
 Return value:  Size  Location     Type
                  2   19[BANK1 ] int 
 Registers used:
		wreg, fsr0l, fsr0h, fsr1l, fsr1h, status,2, status,0, pclath, cstack
 Tracked objects:
		On entry : 
		On exit  : 
		Unchanged: 
 Data sizes:     COMMON   BANK0   BANK1   BANK2   BANK3   BANK4   BANK5   BANK6   BANK7   BANK8   BANK9  BANK10  BANK11  BANK12
      Params:         0       0       2       0       0       0       0       0       0       0       0       0       0       0
      Locals:         0       0      14       0       0       0       0       0       0       0       0       0       0       0
      Temps:          0       0       5       0       0       0       0       0       0       0       0       0       0       0
      Totals:         0       0      21       0       0       0       0       0       0       0       0       0       0       0
Total ram usage:       21 bytes
 Hardware stack levels used:    1
 Hardware stack levels required when called:    4
 This function calls:
		___lmul
		_serputstr
		_sprintf
 This function is called by:
		_main
 This function uses a non-reentrant model


 *************** function _power_command *****************
 Defined at:
		line 223 in file "Main.c"
 Parameters:    Size  Location     Type
  param1          1   19[BANK1 ] PTR unsigned char 
		 -> main@cmd_descr(12), 
 Auto vars:     Size  Location     Type
  temp            4   27[BANK1 ] long 
  val             2   31[BANK1 ] int 
 Return value:  Size  Location     Type
                  2   19[BANK1 ] int 
 Registers used:
		wreg, fsr0l, fsr0h, fsr1l, fsr1h, status,2, status,0, pclath, cstack
 Tracked objects:
		On entry : 
		On exit  : 
		Unchanged: 
 Data sizes:     COMMON   BANK0   BANK1   BANK2   BANK3   BANK4   BANK5   BANK6   BANK7   BANK8   BANK9  BANK10  BANK11  BANK12
      Params:         0       0       2       0       0       0       0       0       0       0       0       0       0       0
      Locals:         0       0       6       0       0       0       0       0       0       0       0       0       0       0
      Temps:          0       0       6       0       0       0       0       0       0       0       0       0       0       0
      Totals:         0       0      14       0       0       0       0       0       0       0       0       0       0       0
Total ram usage:       14 bytes
 Hardware stack levels used:    1
 Hardware stack levels required when called:    4
 This function calls:
		___lmul
		_atoi
		_strlen
 This function is called by:
		_main
 This function uses a non-reentrant model


 *************** function _pulse_command *****************
 Defined at:
		line 212 in file "Main.c"
 Parameters:    Size  Location     Type
  param1          1   19[BANK1 ] PTR unsigned char 
		 -> main@cmd_descr(12), 
 Auto vars:     Size  Location     Type
  val             2   22[BANK1 ] int 
 Return value:  Size  Location     Type
                  2   19[BANK1 ] int 
 Registers used:
		wreg, fsr0l, fsr0h, fsr1l, fsr1h, status,2, status,0, pclath, cstack
 Tracked objects:
		On entry : 
		On exit  : 
		Unchanged: 
 Data sizes:     COMMON   BANK0   BANK1   BANK2   BANK3   BANK4   BANK5   BANK6   BANK7   BANK8   BANK9  BANK10  BANK11  BANK12
      Params:         0       0       2       0       0       0       0       0       0       0       0       0       0       0
      Locals:         0       0       2       0       0       0       0       0       0       0       0       0       0       0
      Temps:          0       0       1       0       0       0       0       0       0       0       0       0       0       0
      Totals:         0       0       5       0       0       0       0       0       0       0       0       0       0       0
Total ram usage:        5 bytes
 Hardware stack levels used:    1
 Hardware stack levels required when called:    4
 This function calls:
		_atoi
		_strlen
 This function is called by:
		_main
 This function uses a non-reentrant model


 *************** function _enable2_command *****************
 Defined at:
		line 201 in file "Main.c"
 Parameters:    Size  Location     Type
  param1          1   19[BANK1 ] PTR unsigned char 
		 -> main@cmd_descr(12), 
 Auto vars:     Size  Location     Type
  val             2   22[BANK1 ] int 
 Return value:  Size  Location     Type
                  2   19[BANK1 ] int 
 Registers used:
		wreg, fsr0l, fsr0h, fsr1l, fsr1h, status,2, status,0, pclath, cstack
 Tracked objects:
		On entry : 
		On exit  : 
		Unchanged: 
 Data sizes:     COMMON   BANK0   BANK1   BANK2   BANK3   BANK4   BANK5   BANK6   BANK7   BANK8   BANK9  BANK10  BANK11  BANK12
      Params:         0       0       2       0       0       0       0       0       0       0       0       0       0       0
      Locals:         0       0       2       0       0       0       0       0       0       0       0       0       0       0
      Temps:          0       0       1       0       0       0       0       0       0       0       0       0       0       0
      Totals:         0       0       5       0       0       0       0       0       0       0       0       0       0       0
Total ram usage:        5 bytes
 Hardware stack levels used:    1
 Hardware stack levels required when called:    4
 This function calls:
		_atoi
		_strlen
 This function is called by:
		_main
 This function uses a non-reentrant model


 *************** function _enable1_command *****************
 Defined at:
		line 190 in file "Main.c"
 Parameters:    Size  Location     Type
  param1          1   19[BANK1 ] PTR unsigned char 
		 -> main@cmd_descr(12), 
 Auto vars:     Size  Location     Type
  val             2   22[BANK1 ] int 
 Return value:  Size  Location     Type
                  2   19[BANK1 ] int 
 Registers used:
		wreg, fsr0l, fsr0h, fsr1l, fsr1h, status,2, status,0, pclath, cstack
 Tracked objects:
		On entry : 
		On exit  : 
		Unchanged: 
 Data sizes:     COMMON   BANK0   BANK1   BANK2   BANK3   BANK4   BANK5   BANK6   BANK7   BANK8   BANK9  BANK10  BANK11  BANK12
      Params:         0       0       2       0       0       0       0       0       0       0       0       0       0       0
      Locals:         0       0       2       0       0       0       0       0       0       0       0       0       0       0
      Temps:          0       0       1       0       0       0       0       0       0       0       0       0       0       0
      Totals:         0       0       5       0       0       0       0       0       0       0       0       0       0       0
Total ram usage:        5 bytes
 Hardware stack levels used:    1
 Hardware stack levels required when called:    4
 This function calls:
		_atoi
		_strlen
 This function is called by:
		_main
 This function uses a non-reentrant model


 *************** function _remote_command *****************
 Defined at:
		line 179 in file "Main.c"
 Parameters:    Size  Location     Type
  param1          1   19[BANK1 ] PTR unsigned char 
		 -> main@cmd_descr(12), 
 Auto vars:     Size  Location     Type
  val             2   22[BANK1 ] int 
 Return value:  Size  Location     Type
                  2   19[BANK1 ] int 
 Registers used:
		wreg, fsr0l, fsr0h, fsr1l, fsr1h, status,2, status,0, pclath, cstack
 Tracked objects:
		On entry : 
		On exit  : 
		Unchanged: 
 Data sizes:     COMMON   BANK0   BANK1   BANK2   BANK3   BANK4   BANK5   BANK6   BANK7   BANK8   BANK9  BANK10  BANK11  BANK12
      Params:         0       0       2       0       0       0       0       0       0       0       0       0       0       0
      Locals:         0       0       2       0       0       0       0       0       0       0       0       0       0       0
      Temps:          0       0       1       0       0       0       0       0       0       0       0       0       0       0
      Totals:         0       0       5       0       0       0       0       0       0       0       0       0       0       0
Total ram usage:        5 bytes
 Hardware stack levels used:    1
 Hardware stack levels required when called:    4
 This function calls:
		_atoi
		_strlen
 This function is called by:
		_main
 This function uses a non-reentrant model


 *************** function _echo_command *****************
 Defined at:
		line 168 in file "Main.c"
 Parameters:    Size  Location     Type
  param1          1   19[BANK1 ] PTR unsigned char 
		 -> main@cmd_descr(12), 
 Auto vars:     Size  Location     Type
  val             2   22[BANK1 ] int 
 Return value:  Size  Location     Type
                  2   19[BANK1 ] int 
 Registers used:
		wreg, fsr0l, fsr0h, fsr1l, fsr1h, status,2, status,0, pclath, cstack
 Tracked objects:
		On entry : 
		On exit  : 
		Unchanged: 
 Data sizes:     COMMON   BANK0   BANK1   BANK2   BANK3   BANK4   BANK5   BANK6   BANK7   BANK8   BANK9  BANK10  BANK11  BANK12
      Params:         0       0       2       0       0       0       0       0       0       0       0       0       0       0
      Locals:         0       0       2       0       0       0       0       0       0       0       0       0       0       0
      Temps:          0       0       1       0       0       0       0       0       0       0       0       0       0       0
      Totals:         0       0       5       0       0       0       0       0       0       0       0       0       0       0
Total ram usage:        5 bytes
 Hardware stack levels used:    1
 Hardware stack levels required when called:    4
 This function calls:
		_atoi
		_strlen
 This function is called by:
		_main
 This function uses a non-reentrant model


 *************** function _ttlout_command *****************
 Defined at:
		line 238 in file "Main.c"
 Parameters:    Size  Location     Type
  param1          1   19[BANK1 ] PTR unsigned char 
		 -> main@cmd_descr(12), 
 Auto vars:     Size  Location     Type
  val             2   22[BANK1 ] int 
 Return value:  Size  Location     Type
                  2   19[BANK1 ] int 
 Registers used:
		wreg, fsr0l, fsr0h, fsr1l, fsr1h, status,2, status,0, pclath, cstack
 Tracked objects:
		On entry : 
		On exit  : 
		Unchanged: 
 Data sizes:     COMMON   BANK0   BANK1   BANK2   BANK3   BANK4   BANK5   BANK6   BANK7   BANK8   BANK9  BANK10  BANK11  BANK12
      Params:         0       0       2       0       0       0       0       0       0       0       0       0       0       0
      Locals:         0       0       2       0       0       0       0       0       0       0       0       0       0       0
      Temps:          0       0       1       0       0       0       0       0       0       0       0       0       0       0
      Totals:         0       0       5       0       0       0       0       0       0       0       0       0       0       0
Total ram usage:        5 bytes
 Hardware stack levels used:    1
 Hardware stack levels required when called:    4
 This function calls:
		_atoi
		_strlen
 This function is called by:
		_main
 This function uses a non-reentrant model


 *************** function _sergetline *****************
 Defined at:
		line 103 in file "support.c"
 Parameters:    Size  Location     Type
  buf             1    wreg     PTR unsigned char 
		 -> main@cmdbuf(10), 
  bsize           2    4[BANK1 ] int 
 Auto vars:     Size  Location     Type
  buf             1    6[BANK1 ] PTR unsigned char 
		 -> main@cmdbuf(10), 
  i               2    7[BANK1 ] int 
  c               1    9[BANK1 ] unsigned char 
 Return value:  Size  Location     Type
                  2    4[BANK1 ] int 
 Registers used:
		wreg, fsr0l, fsr0h, fsr1l, fsr1h, status,2, status,0, pclath, cstack
 Tracked objects:
		On entry : 
		On exit  : 
		Unchanged: 
 Data sizes:     COMMON   BANK0   BANK1   BANK2   BANK3   BANK4   BANK5   BANK6   BANK7   BANK8   BANK9  BANK10  BANK11  BANK12
      Params:         0       0       2       0       0       0       0       0       0       0       0       0       0       0
      Locals:         0       0       4       0       0       0       0       0       0       0       0       0       0       0
      Temps:          0       3       0       0       0       0       0       0       0       0       0       0       0       0
      Totals:         0       3       6       0       0       0       0       0       0       0       0       0       0       0
Total ram usage:        9 bytes
 Hardware stack levels used:    1
 Hardware stack levels required when called:    4
 This function calls:
		_sergetchar
		_serputchar
		_serputstr
		_tolower
 This function is called by:
		_main
 This function uses a non-reentrant model


 *************** function _tolower *****************
 Defined at:
		line 5 in file "/Applications/microchip/xc8/v1.32/sources/common/tolower.c"
 Parameters:    Size  Location     Type
  c               1    wreg     unsigned char 
 Auto vars:     Size  Location     Type
  c               1   23[BANK0 ] unsigned char 
 Return value:  Size  Location     Type
                  1    wreg      unsigned char 
 Registers used:
		wreg
 Tracked objects:
		On entry : 
		On exit  : 
		Unchanged: 
 Data sizes:     COMMON   BANK0   BANK1   BANK2   BANK3   BANK4   BANK5   BANK6   BANK7   BANK8   BANK9  BANK10  BANK11  BANK12
      Params:         0       0       0       0       0       0       0       0       0       0       0       0       0       0
      Locals:         0       1       0       0       0       0       0       0       0       0       0       0       0       0
      Temps:          0       0       0       0       0       0       0       0       0       0       0       0       0       0
      Totals:         0       1       0       0       0       0       0       0       0       0       0       0       0       0
Total ram usage:        1 bytes
 Hardware stack levels used:    1
 Hardware stack levels required when called:    2
 This function calls:
		Nothing
 This function is called by:
		_sergetline
 This function uses a non-reentrant model


 *************** function _sergetchar *****************
 Defined at:
		line 87 in file "support.c"
 Parameters:    Size  Location     Type
		None
 Auto vars:     Size  Location     Type
		None
 Return value:  Size  Location     Type
                  1    wreg      unsigned char 
 Registers used:
		wreg
 Tracked objects:
		On entry : 
		On exit  : 
		Unchanged: 
 Data sizes:     COMMON   BANK0   BANK1   BANK2   BANK3   BANK4   BANK5   BANK6   BANK7   BANK8   BANK9  BANK10  BANK11  BANK12
      Params:         0       0       0       0       0       0       0       0       0       0       0       0       0       0
      Locals:         0       0       0       0       0       0       0       0       0       0       0       0       0       0
      Temps:          0       0       0       0       0       0       0       0       0       0       0       0       0       0
      Totals:         0       0       0       0       0       0       0       0       0       0       0       0       0       0
Total ram usage:        0 bytes
 Hardware stack levels used:    1
 Hardware stack levels required when called:    2
 This function calls:
		Nothing
 This function is called by:
		_sergetline
 This function uses a non-reentrant model


 *************** function ___lmul *****************
 Defined at:
		line 15 in file "/Applications/microchip/xc8/v1.32/sources/common/Umul32.c"
 Parameters:    Size  Location     Type
  multiplier      4   23[BANK0 ] unsigned long 
  multiplicand    4   27[BANK0 ] unsigned long 
 Auto vars:     Size  Location     Type
  product         4   31[BANK0 ] unsigned long 
 Return value:  Size  Location     Type
                  4   23[BANK0 ] unsigned long 
 Registers used:
		wreg, status,2, status,0
 Tracked objects:
		On entry : 
		On exit  : 
		Unchanged: 
 Data sizes:     COMMON   BANK0   BANK1   BANK2   BANK3   BANK4   BANK5   BANK6   BANK7   BANK8   BANK9  BANK10  BANK11  BANK12
      Params:         0       8       0       0       0       0       0       0       0       0       0       0       0       0
      Locals:         0       4       0       0       0       0       0       0       0       0       0       0       0       0
      Temps:          0       0       0       0       0       0       0       0       0       0       0       0       0       0
      Totals:         0      12       0       0       0       0       0       0       0       0       0       0       0       0
Total ram usage:       12 bytes
 Hardware stack levels used:    1
 Hardware stack levels required when called:    2
 This function calls:
		Nothing
 This function is called by:
		_main
		_power_command
		_status_command
 This function uses a non-reentrant model


 *************** function _pic_setup *****************
 Defined at:
		line 8 in file "support.c"
 Parameters:    Size  Location     Type
		None
 Auto vars:     Size  Location     Type
		None
 Return value:  Size  Location     Type
		None               void
 Registers used:
		wreg, status,2
 Tracked objects:
		On entry : 
		On exit  : 
		Unchanged: 
 Data sizes:     COMMON   BANK0   BANK1   BANK2   BANK3   BANK4   BANK5   BANK6   BANK7   BANK8   BANK9  BANK10  BANK11  BANK12
      Params:         0       0       0       0       0       0       0       0       0       0       0       0       0       0
      Locals:         0       0       0       0       0       0       0       0       0       0       0       0       0       0
      Temps:          0       0       0       0       0       0       0       0       0       0       0       0       0       0
      Totals:         0       0       0       0       0       0       0       0       0       0       0       0       0       0
Total ram usage:        0 bytes
 Hardware stack levels used:    1
 Hardware stack levels required when called:    2
 This function calls:
		Nothing
 This function is called by:
		_main
 This function uses a non-reentrant model


 *************** function _parse_setup_cmd *****************
 Defined at:
		line 131 in file "Main.c"
 Parameters:    Size  Location     Type
  buf             1    wreg     PTR unsigned char 
		 -> main@cmdbuf(10), 
  cmd_descr       1    8[BANK1 ] PTR struct command
		 -> main@cmd_descr(12), 
 Auto vars:     Size  Location     Type
  buf             1   28[BANK1 ] PTR unsigned char 
		 -> main@cmdbuf(10), 
  cbuf           10   16[BANK1 ] unsigned char [10]
  i               2   29[BANK1 ] int 
  num_cmds        2   26[BANK1 ] int 
  tokptr          1   31[BANK1 ] PTR unsigned char 
		 -> NULL(0), main@cmdbuf(10), 
 Return value:  Size  Location     Type
                  2    8[BANK1 ] int 
 Registers used:
		wreg, fsr0l, fsr0h, fsr1l, fsr1h, status,2, status,0, pclath, cstack
 Tracked objects:
		On entry : 
		On exit  : 
		Unchanged: 
 Data sizes:     COMMON   BANK0   BANK1   BANK2   BANK3   BANK4   BANK5   BANK6   BANK7   BANK8   BANK9  BANK10  BANK11  BANK12
      Params:         0       0       2       0       0       0       0       0       0       0       0       0       0       0
      Locals:         0       0      16       0       0       0       0       0       0       0       0       0       0       0
      Temps:          0       0       6       0       0       0       0       0       0       0       0       0       0       0
      Totals:         0       0      24       0       0       0       0       0       0       0       0       0       0       0
Total ram usage:       24 bytes
 Hardware stack levels used:    1
 Hardware stack levels required when called:    5
 This function calls:
		_strcmp
		_strcpy
		_strtok
 This function is called by:
		_main
 This function uses a non-reentrant model


 *************** function _strtok *****************
 Defined at:
		line 8 in file "/Applications/microchip/xc8/v1.32/sources/common/strtok.c"
 Parameters:    Size  Location     Type
  s1              1    wreg     PTR unsigned char 
		 -> NULL(0), main@cmdbuf(10), 
  s2              2    3[BANK1 ] PTR const unsigned char 
		 -> STR_24(2), STR_23(2), 
 Auto vars:     Size  Location     Type
  s1              1   33[BANK0 ] PTR unsigned char 
		 -> NULL(0), main@cmdbuf(10), 
 Return value:  Size  Location     Type
                  1    wreg      PTR unsigned char 
 Registers used:
		wreg, fsr0l, fsr0h, fsr1l, fsr1h, status,2, status,0, pclath, cstack
 Tracked objects:
		On entry : 
		On exit  : 
		Unchanged: 
 Data sizes:     COMMON   BANK0   BANK1   BANK2   BANK3   BANK4   BANK5   BANK6   BANK7   BANK8   BANK9  BANK10  BANK11  BANK12
      Params:         0       0       2       0       0       0       0       0       0       0       0       0       0       0
      Locals:         0       1       0       0       0       0       0       0       0       0       0       0       0       0
      Temps:          0       0       3       0       0       0       0       0       0       0       0       0       0       0
      Totals:         0       1       5       0       0       0       0       0       0       0       0       0       0       0
Total ram usage:        6 bytes
 Hardware stack levels used:    1
 Hardware stack levels required when called:    4
 This function calls:
		_strcspn
		_strspn
 This function is called by:
		_parse_setup_cmd
 This function uses a non-reentrant model


 *************** function _strspn *****************
 Defined at:
		line 4 in file "/Applications/microchip/xc8/v1.32/sources/common/strspn.c"
 Parameters:    Size  Location     Type
  s1              1    wreg     PTR const unsigned char 
		 -> NULL(0), main@cmdbuf(10), 
  s2              2   29[BANK0 ] PTR const unsigned char 
		 -> STR_24(2), STR_23(2), 
 Auto vars:     Size  Location     Type
  s1              1    2[BANK1 ] PTR const unsigned char 
		 -> NULL(0), main@cmdbuf(10), 
  i               2    0[BANK1 ] unsigned int 
 Return value:  Size  Location     Type
                  2   29[BANK0 ] unsigned int 
 Registers used:
		wreg, fsr0l, fsr0h, fsr1l, fsr1h, status,2, status,0, pclath, cstack
 Tracked objects:
		On entry : 
		On exit  : 
		Unchanged: 
 Data sizes:     COMMON   BANK0   BANK1   BANK2   BANK3   BANK4   BANK5   BANK6   BANK7   BANK8   BANK9  BANK10  BANK11  BANK12
      Params:         0       2       0       0       0       0       0       0       0       0       0       0       0       0
      Locals:         0       0       3       0       0       0       0       0       0       0       0       0       0       0
      Temps:          0       2       0       0       0       0       0       0       0       0       0       0       0       0
      Totals:         0       4       3       0       0       0       0       0       0       0       0       0       0       0
Total ram usage:        7 bytes
 Hardware stack levels used:    1
 Hardware stack levels required when called:    3
 This function calls:
		_strchr
 This function is called by:
		_strtok
 This function uses a non-reentrant model


 *************** function _strcspn *****************
 Defined at:
		line 4 in file "/Applications/microchip/xc8/v1.32/sources/common/strcspn.c"
 Parameters:    Size  Location     Type
  s1              1    wreg     PTR const unsigned char 
		 -> NULL(0), main@cmdbuf(10), 
  s2              2   29[BANK0 ] PTR const unsigned char 
		 -> STR_24(2), STR_23(2), 
 Auto vars:     Size  Location     Type
  s1              1    2[BANK1 ] PTR const unsigned char 
		 -> NULL(0), main@cmdbuf(10), 
  i               2    0[BANK1 ] unsigned int 
 Return value:  Size  Location     Type
                  2   29[BANK0 ] unsigned int 
 Registers used:
		wreg, fsr0l, fsr0h, fsr1l, fsr1h, status,2, status,0, pclath, cstack
 Tracked objects:
		On entry : 
		On exit  : 
		Unchanged: 
 Data sizes:     COMMON   BANK0   BANK1   BANK2   BANK3   BANK4   BANK5   BANK6   BANK7   BANK8   BANK9  BANK10  BANK11  BANK12
      Params:         0       2       0       0       0       0       0       0       0       0       0       0       0       0
      Locals:         0       0       3       0       0       0       0       0       0       0       0       0       0       0
      Temps:          0       2       0       0       0       0       0       0       0       0       0       0       0       0
      Totals:         0       4       3       0       0       0       0       0       0       0       0       0       0       0
Total ram usage:        7 bytes
 Hardware stack levels used:    1
 Hardware stack levels required when called:    3
 This function calls:
		_strchr
 This function is called by:
		_strtok
 This function uses a non-reentrant model


 *************** function _strchr *****************
 Defined at:
		line 4 in file "/Applications/microchip/xc8/v1.32/sources/common/strchr.c"
 Parameters:    Size  Location     Type
  ptr             2   23[BANK0 ] PTR const unsigned char 
		 -> STR_24(2), STR_23(2), 
  chr             2   25[BANK0 ] int 
 Auto vars:     Size  Location     Type
		None
 Return value:  Size  Location     Type
                  2   23[BANK0 ] PTR unsigned char 
 Registers used:
		wreg, fsr0l, fsr0h, status,2, pclath
 Tracked objects:
		On entry : 
		On exit  : 
		Unchanged: 
 Data sizes:     COMMON   BANK0   BANK1   BANK2   BANK3   BANK4   BANK5   BANK6   BANK7   BANK8   BANK9  BANK10  BANK11  BANK12
      Params:         0       4       0       0       0       0       0       0       0       0       0       0       0       0
      Locals:         0       0       0       0       0       0       0       0       0       0       0       0       0       0
      Temps:          0       2       0       0       0       0       0       0       0       0       0       0       0       0
      Totals:         0       6       0       0       0       0       0       0       0       0       0       0       0       0
Total ram usage:        6 bytes
 Hardware stack levels used:    1
 Hardware stack levels required when called:    2
 This function calls:
		Nothing
 This function is called by:
		_strcspn
		_strspn
 This function uses a non-reentrant model


 *************** function _strcpy *****************
 Defined at:
		line 8 in file "/Applications/microchip/xc8/v1.32/sources/common/strcpy.c"
 Parameters:    Size  Location     Type
  to              1    wreg     PTR unsigned char 
		 -> parse_setup_cmd@cbuf(10), main@cmd_descr(12), 
  from            1   23[BANK0 ] PTR const unsigned char 
		 -> NULL(0), main@cmdbuf(10), 
 Auto vars:     Size  Location     Type
  to              1   26[BANK0 ] PTR unsigned char 
		 -> parse_setup_cmd@cbuf(10), main@cmd_descr(12), 
  cp              1   25[BANK0 ] PTR unsigned char 
		 -> parse_setup_cmd@cbuf(10), main@cmd_descr(12), 
 Return value:  Size  Location     Type
                  1    wreg      PTR unsigned char 
 Registers used:
		wreg, fsr0l, fsr0h, fsr1l, fsr1h, status,2, status,0
 Tracked objects:
		On entry : 
		On exit  : 
		Unchanged: 
 Data sizes:     COMMON   BANK0   BANK1   BANK2   BANK3   BANK4   BANK5   BANK6   BANK7   BANK8   BANK9  BANK10  BANK11  BANK12
      Params:         0       1       0       0       0       0       0       0       0       0       0       0       0       0
      Locals:         0       2       0       0       0       0       0       0       0       0       0       0       0       0
      Temps:          0       1       0       0       0       0       0       0       0       0       0       0       0       0
      Totals:         0       4       0       0       0       0       0       0       0       0       0       0       0       0
Total ram usage:        4 bytes
 Hardware stack levels used:    1
 Hardware stack levels required when called:    2
 This function calls:
		Nothing
 This function is called by:
		_parse_setup_cmd
 This function uses a non-reentrant model


 *************** function _strcmp *****************
 Defined at:
		line 33 in file "/Applications/microchip/xc8/v1.32/sources/common/strcmp.c"
 Parameters:    Size  Location     Type
  s1              1    wreg     PTR const unsigned char 
		 -> parse_setup_cmd@cbuf(10), 
  s2              2   23[BANK0 ] PTR const unsigned char 
		 -> STR_22(7), STR_21(7), STR_20(7), STR_19(4), 
		 -> STR_18(6), STR_17(6), STR_16(6), STR_15(4), 
		 -> STR_14(5), 
 Auto vars:     Size  Location     Type
[...]
 This function calls:
		___lwdiv
		___lwmod
 This function is called by:
		_status_command
		_errors_command
 This function uses a non-reentrant model


 *************** function ___lwmod *****************
 Defined at:
		line 6 in file "/Applications/microchip/xc8/v1.32/sources/common/lwmod.c"
 Parameters:    Size  Location     Type
  divisor         2   31[BANK0 ] unsigned int 
  dividend        2   33[BANK0 ] unsigned int 
 Auto vars:     Size  Location     Type
  counter         1    1[BANK1 ] unsigned char 
 Return value:  Size  Location     Type
                  2   31[BANK0 ] unsigned int 
 Registers used:
		wreg, status,2, status,0
 Tracked objects:
		On entry : 
		On exit  : 
		Unchanged: 
 Data sizes:     COMMON   BANK0   BANK1   BANK2   BANK3   BANK4   BANK5   BANK6   BANK7   BANK8   BANK9  BANK10  BANK11  BANK12
      Params:         0       4       0       0       0       0       0       0       0       0       0       0       0       0
      Locals:         0       0       1       0       0       0       0       0       0       0       0       0       0       0
      Temps:          0       0       1       0       0       0       0       0       0       0       0       0       0       0
      Totals:         0       4       2       0       0       0       0       0       0       0       0       0       0       0
Total ram usage:        6 bytes
 Hardware stack levels used:    1
 Hardware stack levels required when called:    2
 This function calls:
		Nothing
 This function is called by:
		_sprintf
 This function uses a non-reentrant model


 *************** function ___lwdiv *****************
 Defined at:
		line 6 in file "/Applications/microchip/xc8/v1.32/sources/common/lwdiv.c"
 Parameters:    Size  Location     Type
  divisor         2   23[BANK0 ] unsigned int 
  dividend        2   25[BANK0 ] unsigned int 
 Auto vars:     Size  Location     Type
  quotient        2   29[BANK0 ] unsigned int 
  counter         1   28[BANK0 ] unsigned char 
 Return value:  Size  Location     Type
                  2   23[BANK0 ] unsigned int 
 Registers used:
		wreg, status,2, status,0
 Tracked objects:
		On entry : 
		On exit  : 
		Unchanged: 
 Data sizes:     COMMON   BANK0   BANK1   BANK2   BANK3   BANK4   BANK5   BANK6   BANK7   BANK8   BANK9  BANK10  BANK11  BANK12
      Params:         0       4       0       0       0       0       0       0       0       0       0       0       0       0
      Locals:         0       3       0       0       0       0       0       0       0       0       0       0       0       0
      Temps:          0       1       0       0       0       0       0       0       0       0       0       0       0       0
      Totals:         0       8       0       0       0       0       0       0       0       0       0       0       0       0
Total ram usage:        8 bytes
 Hardware stack levels used:    1
 Hardware stack levels required when called:    2
 This function calls:
		Nothing
 This function is called by:
		_sprintf
 This function uses a non-reentrant model


 *************** function _serputstr *****************
 Defined at:
		line 93 in file "support.c"
 Parameters:    Size  Location     Type
  line            2   29[BANK0 ] PTR const unsigned char 
		 -> STR_45(3), STR_44(4), STR_43(2), STR_42(2), 
		 -> errors_command@buf(10), STR_37(5), STR_36(2), STR_35(2), 
		 -> status_command@buf(10), STR_25(4), STR_13(2), STR_12(4), 
		 -> STR_11(27), STR_10(6), STR_9(25), STR_8(6), 
		 -> STR_7(24), STR_6(6), STR_5(2), STR_4(4), 
		 -> STR_3(36), STR_2(6), STR_1(33), 
 Auto vars:     Size  Location     Type
  i               2    2[BANK1 ] int 
  len             2    0[BANK1 ] int 
 Return value:  Size  Location     Type
		None               void
 Registers used:
		wreg, fsr0l, fsr0h, status,2, status,0, pclath, cstack
 Tracked objects:
		On entry : 
		On exit  : 
		Unchanged: 
 Data sizes:     COMMON   BANK0   BANK1   BANK2   BANK3   BANK4   BANK5   BANK6   BANK7   BANK8   BANK9  BANK10  BANK11  BANK12
      Params:         0       2       0       0       0       0       0       0       0       0       0       0       0       0
      Locals:         0       0       4       0       0       0       0       0       0       0       0       0       0       0
      Temps:          0       1       0       0       0       0       0       0       0       0       0       0       0       0
      Totals:         0       3       4       0       0       0       0       0       0       0       0       0       0       0
Total ram usage:        7 bytes
 Hardware stack levels used:    1
 Hardware stack levels required when called:    3
 This function calls:
		_serputchar
		_strlen
 This function is called by:
		_main
		_status_command
		_errors_command
		_sergetline
 This function uses a non-reentrant model


 *************** function _serputchar *****************
 Defined at:
		line 81 in file "support.c"
 Parameters:    Size  Location     Type
  c               1    wreg     const unsigned char 
 Auto vars:     Size  Location     Type
  c               1   23[BANK0 ] const unsigned char 
 Return value:  Size  Location     Type
		None               void
 Registers used:
		wreg
 Tracked objects:
		On entry : 
		On exit  : 
		Unchanged: 
 Data sizes:     COMMON   BANK0   BANK1   BANK2   BANK3   BANK4   BANK5   BANK6   BANK7   BANK8   BANK9  BANK10  BANK11  BANK12
      Params:         0       0       0       0       0       0       0       0       0       0       0       0       0       0
      Locals:         0       1       0       0       0       0       0       0       0       0       0       0       0       0
      Temps:          0       0       0       0       0       0       0       0       0       0       0       0       0       0
      Totals:         0       1       0       0       0       0       0       0       0       0       0       0       0       0
Total ram usage:        1 bytes
 Hardware stack levels used:    1
 Hardware stack levels required when called:    2
 This function calls:
		Nothing
 This function is called by:
		_serputstr
		_sergetline
 This function uses a non-reentrant model


 *************** function _strlen *****************
 Defined at:
		line 4 in file "/Applications/microchip/xc8/v1.32/sources/common/strlen.c"
 Parameters:    Size  Location     Type
  s               2   23[BANK0 ] PTR const unsigned char 
		 -> STR_45(3), STR_44(4), STR_43(2), STR_42(2), 
		 -> errors_command@buf(10), STR_37(5), STR_36(2), STR_35(2), 
		 -> status_command@buf(10), STR_25(4), STR_13(2), STR_12(4), 
		 -> STR_11(27), STR_10(6), STR_9(25), STR_8(6), 
		 -> STR_7(24), STR_6(6), main@cmd_descr(12), STR_5(2), 
		 -> STR_4(4), STR_3(36), STR_2(6), main@cmdbuf(10), 
		 -> STR_1(33), 
 Auto vars:     Size  Location     Type
  cp              2   27[BANK0 ] PTR const unsigned char 
		 -> STR_45(3), STR_44(4), STR_43(2), STR_42(2), 
		 -> errors_command@buf(10), STR_37(5), STR_36(2), STR_35(2), 
		 -> status_command@buf(10), STR_25(4), STR_13(2), STR_12(4), 
		 -> STR_11(27), STR_10(6), STR_9(25), STR_8(6), 
		 -> STR_7(24), STR_6(6), main@cmd_descr(12), STR_5(2), 
		 -> STR_4(4), STR_3(36), STR_2(6), main@cmdbuf(10), 
		 -> STR_1(33), 
 Return value:  Size  Location     Type
                  2   23[BANK0 ] unsigned int 
 Registers used:
		wreg, fsr0l, fsr0h, status,2, status,0, pclath
 Tracked objects:
		On entry : 
		On exit  : 
		Unchanged: 
 Data sizes:     COMMON   BANK0   BANK1   BANK2   BANK3   BANK4   BANK5   BANK6   BANK7   BANK8   BANK9  BANK10  BANK11  BANK12
      Params:         0       2       0       0       0       0       0       0       0       0       0       0       0       0
      Locals:         0       2       0       0       0       0       0       0       0       0       0       0       0       0
      Temps:          0       2       0       0       0       0       0       0       0       0       0       0       0       0
      Totals:         0       6       0       0       0       0       0       0       0       0       0       0       0       0
Total ram usage:        6 bytes
 Hardware stack levels used:    1
 Hardware stack levels required when called:    2
 This function calls:
		Nothing
 This function is called by:
		_main
		_echo_command
		_remote_command
		_enable1_command
		_enable2_command
		_pulse_command
		_power_command
		_ttlout_command
		_serputstr
 This function uses a non-reentrant model


 *************** function _atoi *****************
 Defined at:
		line 5 in file "/Applications/microchip/xc8/v1.32/sources/common/atoi.c"
 Parameters:    Size  Location     Type
  s               1    wreg     PTR const unsigned char 
		 -> main@cmd_descr(12), 
 Auto vars:     Size  Location     Type
  s               1    3[BANK1 ] PTR const unsigned char 
		 -> main@cmd_descr(12), 
  a               2    1[BANK1 ] int 
  sign            1    0[BANK1 ] unsigned char 
 Return value:  Size  Location     Type
                  2   29[BANK0 ] int 
 Registers used:
		wreg, fsr1l, fsr1h, status,2, status,0, pclath, cstack
 Tracked objects:
		On entry : 
		On exit  : 
		Unchanged: 
 Data sizes:     COMMON   BANK0   BANK1   BANK2   BANK3   BANK4   BANK5   BANK6   BANK7   BANK8   BANK9  BANK10  BANK11  BANK12
      Params:         0       2       0       0       0       0       0       0       0       0       0       0       0       0
      Locals:         0       0       4       0       0       0       0       0       0       0       0       0       0       0
      Temps:          0       2       0       0       0       0       0       0       0       0       0       0       0       0
      Totals:         0       4       4       0       0       0       0       0       0       0       0       0       0       0
Total ram usage:        8 bytes
 Hardware stack levels used:    1
 Hardware stack levels required when called:    3
 This function calls:
		___wmul
		_isdigit
 This function is called by:
		_echo_command
		_remote_command
		_enable1_command
		_enable2_command
		_pulse_command
		_power_command
		_ttlout_command
 This function uses a non-reentrant model


 *************** function _isdigit *****************
 Defined at:
		line 8 in file "/Applications/microchip/xc8/v1.32/sources/common/isdigit.c"
 Parameters:    Size  Location     Type
  c               1    wreg     unsigned char 
 Auto vars:     Size  Location     Type
  c               1   24[BANK0 ] unsigned char 
 Return value:  Size  Location     Type
		None               void
 Registers used:
		wreg, status,2, status,0
 Tracked objects:
		On entry : 
		On exit  : 
		Unchanged: 
 Data sizes:     COMMON   BANK0   BANK1   BANK2   BANK3   BANK4   BANK5   BANK6   BANK7   BANK8   BANK9  BANK10  BANK11  BANK12
      Params:         0       0       0       0       0       0       0       0       0       0       0       0       0       0
      Locals:         0       2       0       0       0       0       0       0       0       0       0       0       0       0
      Temps:          0       0       0       0       0       0       0       0       0       0       0       0       0       0
      Totals:         0       2       0       0       0       0       0       0       0       0       0       0       0       0
Total ram usage:        2 bytes
 Hardware stack levels used:    1
 Hardware stack levels required when called:    2
 This function calls:
		Nothing
 This function is called by:
		_atoi
 This function uses a non-reentrant model


 *************** function ___wmul *****************
 Defined at:
		line 15 in file "/Applications/microchip/xc8/v1.32/sources/common/Umul16.c"
 Parameters:    Size  Location     Type
  multiplier      2   23[BANK0 ] unsigned int 
  multiplicand    2   25[BANK0 ] unsigned int 
 Auto vars:     Size  Location     Type
  product         2   27[BANK0 ] unsigned int 
 Return value:  Size  Location     Type
                  2   23[BANK0 ] unsigned int 
 Registers used:
		wreg, status,2, status,0
 Tracked objects:
		On entry : 
		On exit  : 
		Unchanged: 
 Data sizes:     COMMON   BANK0   BANK1   BANK2   BANK3   BANK4   BANK5   BANK6   BANK7   BANK8   BANK9  BANK10  BANK11  BANK12
      Params:         0       4       0       0       0       0       0       0       0       0       0       0       0       0
      Locals:         0       2       0       0       0       0       0       0       0       0       0       0       0       0
      Temps:          0       0       0       0       0       0       0       0       0       0       0       0       0       0
      Totals:         0       6       0       0       0       0       0       0       0       0       0       0       0       0
Total ram usage:        6 bytes
 Hardware stack levels used:    1
 Hardware stack levels required when called:    2
 This function calls:
		Nothing
 This function is called by:
		_atoi
 This function uses a non-reentrant model


 *************** function _tc_int *****************
 Defined at:
		line 26 in file "interrupt.c"
 Parameters:    Size  Location     Type
		None
 Auto vars:     Size  Location     Type
  period          2   21[BANK0 ] unsigned short 
  slewed_perio    2   18[BANK0 ] unsigned short 
  AD_val          2   16[BANK0 ] unsigned short 
  pwm             2   14[BANK0 ] unsigned short 
  i               1   20[BANK0 ] unsigned char 
 Return value:  Size  Location     Type
		None               void
 Registers used:
		wreg, fsr0l, fsr0h, status,2, status,0, pclath, cstack
 Tracked objects:
		On entry : 
		On exit  : 
		Unchanged: 
 Data sizes:     COMMON   BANK0   BANK1   BANK2   BANK3   BANK4   BANK5   BANK6   BANK7   BANK8   BANK9  BANK10  BANK11  BANK12
      Params:         0       0       0       0       0       0       0       0       0       0       0       0       0       0
      Locals:         0      15       0       0       0       0       0       0       0       0       0       0       0       0
      Temps:          0       8       0       0       0       0       0       0       0       0       0       0       0       0
      Totals:         0      23       0       0       0       0       0       0       0       0       0       0       0       0
Total ram usage:       23 bytes
 Hardware stack levels used:    1
 Hardware stack levels required when called:    1
 This function calls:
		i1___lmul
 This function is called by:
		Interrupt level 1
 This function uses a non-reentrant model


 *************** function i1___lmul *****************
 Defined at:
		line 15 in file "/Applications/microchip/xc8/v1.32/sources/common/Umul32.c"
 Parameters:    Size  Location     Type
  multiplier      4    0[COMMON] unsigned long 
  multiplicand    4    4[COMMON] unsigned long 
 Auto vars:     Size  Location     Type
  __lmul          4    8[COMMON] unsigned long 
 Return value:  Size  Location     Type
                  4    0[COMMON] unsigned long 
 Registers used:
		wreg, status,2, status,0
 Tracked objects:
		On entry : 
		On exit  : 
		Unchanged: 
 Data sizes:     COMMON   BANK0   BANK1   BANK2   BANK3   BANK4   BANK5   BANK6   BANK7   BANK8   BANK9  BANK10  BANK11  BANK12
      Params:         8       0       0       0       0       0       0       0       0       0       0       0       0       0
      Locals:         4       0       0       0       0       0       0       0       0       0       0       0       0       0
      Temps:          0       0       0       0       0       0       0       0       0       0       0       0       0       0
      Totals:        12       0       0       0       0       0       0       0       0       0       0       0       0       0
Total ram usage:       12 bytes
 Hardware stack levels used:    1
 This function calls:
		Nothing
 This function is called by:
		_tc_int
 This function uses a non-reentrant model



MODULE INFORMATION

Module		Function		Class		Link	Load	Size
/Applications/microchip/xc8/v1.32/sources/common/strlen.c
		_strlen        		CODE           	096E	0000	34

/Applications/microchip/xc8/v1.32/sources/common/strlen.c estimated size: 34

/Applications/microchip/xc8/v1.32/sources/common/strcmp.c
		_strcmp        		CODE           	07D7	0000	40

/Applications/microchip/xc8/v1.32/sources/common/strcmp.c estimated size: 40

/Applications/microchip/xc8/v1.32/sources/common/strchr.c
		_strchr        		CODE           	0935	0000	27

/Applications/microchip/xc8/v1.32/sources/common/strchr.c estimated size: 27

/Applications/microchip/xc8/v1.32/sources/common/lwdiv.c
		___lwdiv       		CODE           	0A25	0000	55

/Applications/microchip/xc8/v1.32/sources/common/lwdiv.c estimated size: 55

/Applications/microchip/xc8/v1.32/sources/common/strcpy.c
		_strcpy        		CODE           	091B	0000	26

/Applications/microchip/xc8/v1.32/sources/common/strcpy.c estimated size: 26

/Applications/microchip/xc8/v1.32/sources/common/doprnt.c
		_sprintf       		CODE           	0F25	0000	219

/Applications/microchip/xc8/v1.32/sources/common/doprnt.c estimated size: 219

support.c
		_serputstr     		CODE           	0A5C	0000	58
		_serputchar    		CODE           	08F7	0000	8
		_pic_setup     		CODE           	0C47	0000	76
		_sergetchar    		CODE           	08EB	0000	6
		_sergetline    		CODE           	0DF2	0000	146

support.c estimated size: 294

/Applications/microchip/xc8/v1.32/sources/common/strspn.c
		_strspn        		CODE           	0AD2	0000	60

/Applications/microchip/xc8/v1.32/sources/common/strspn.c estimated size: 60

/Applications/microchip/xc8/v1.32/sources/common/tolower.c
		_tolower       		CODE           	08FF	0000	13

/Applications/microchip/xc8/v1.32/sources/common/tolower.c estimated size: 13

/Applications/microchip/xc8/v1.32/sources/common/atoi.c
		_atoi          		CODE           	0D6F	0000	131

/Applications/microchip/xc8/v1.32/sources/common/atoi.c estimated size: 131

interrupt.c
		_tc_int        		CODE           	0004	0000	683

interrupt.c estimated size: 683

/Applications/microchip/xc8/v1.32/sources/common/Umul16.c
		___wmul        		CODE           	0950	0000	30

/Applications/microchip/xc8/v1.32/sources/common/Umul16.c estimated size: 30

Main.c
		_remote_command		CODE           	0C06	0000	65
		_echo_command  		CODE           	0B0E	0000	62
		_status_command		CODE           	049D	0000	380
		_main          		CODE           	0619	0000	279
		_enable2_comman		CODE           	0B8A	0000	62
		_pulse_command 		CODE           	0BC8	0000	62
		_ttlout_command		CODE           	02BE	0000	66
		_enable1_comman		CODE           	0B4C	0000	62
		_errors_command		CODE           	0730	0000	167
		_parse_setup_cm		CODE           	0E84	0000	161
		_power_command 		CODE           	0CF4	0000	123

Main.c estimated size: 1489

shared
		__stringdata   		STRCODE        	0366	0000	311
		_dpowers       		STRCODE        	0354	0000	10
		__initializatio		CODE           	02B1	0000	9
		i1___lmul      		CODE           	0990	0000	47
		_AD_x          		STRCODE        	0344	0000	16
		_AD_a          		STRCODE        	0324	0000	32
		_AD_b          		STRCODE        	035E	0000	8
		_commands      		STRCODE        	0300	0000	36

shared estimated size: 469

/Applications/microchip/xc8/v1.32/sources/common/strtok.c
		_strtok        		CODE           	0C93	0000	97

/Applications/microchip/xc8/v1.32/sources/common/strtok.c estimated size: 97

/Applications/microchip/xc8/v1.32/sources/common/lwmod.c
		___lwmod       		CODE           	09EF	0000	54

/Applications/microchip/xc8/v1.32/sources/common/lwmod.c estimated size: 54

/Applications/microchip/xc8/v1.32/sources/common/strcspn.c
		_strcspn       		CODE           	0A96	0000	60

/Applications/microchip/xc8/v1.32/sources/common/strcspn.c estimated size: 60

/Applications/microchip/xc8/v1.32/sources/common/Umul32.c
		___lmul        		CODE           	09BF	0000	48

/Applications/microchip/xc8/v1.32/sources/common/Umul32.c estimated size: 48

/Applications/microchip/xc8/v1.32/sources/common/isdigit.c
		_isdigit       		CODE           	090C	0000	15

/Applications/microchip/xc8/v1.32/sources/common/isdigit.c estimated size: 15

